Invalid key: number
    ./test/golden/error.invalid-key.jsonnet:4:4,4:9