Invalid key: number
    ./test/golden/invalid-key.jsonnet:4:4,4:9